// Jest Snapshot v1, https://goo.gl/fbAQLP

exports[`Box renders without crashing 1`] = `
<DocumentFragment>
  <div
    class="MuiBox-root MuiBox-root-3 Styled(MuiBox)-root-1 Styled(MuiBox)-root-2"
  />
</DocumentFragment>
`;
