// Jest Snapshot v1, https://goo.gl/fbAQLP

exports[`renders dark without crashing 1`] = `
<DocumentFragment>
  <div
    class="MuiBox-root MuiBox-root Styled(MuiBox)-root Styled(MuiBox)-root"
  />
</DocumentFragment>
`;

exports[`renders light without crashing 1`] = `
<DocumentFragment>
  <div
    class="MuiBox-root MuiBox-root Styled(MuiBox)-root Styled(MuiBox)-root"
  />
</DocumentFragment>
`;
